Incorrect number of command line arguments entered. Correct format: ./vr2017 <.bin file> <byte 1 of delimiter> <byte 2 of delimiter> <byte 3 of delimiter>
